// Jest Snapshot v1, https://goo.gl/fbAQLP

exports[`Header Component should render header component 1`] = `
<Styled(header)>
  <Styled(div)>
    <img
      alt="logo"
      src="adviqo-logo.png"
    />
  </Styled(div)>
</Styled(header)>
`;
